// Jest Snapshot v1, https://goo.gl/fbAQLP

exports[`<TextField /> should render a error message 1`] = `
.c1 {
  font-size: 1.4rem;
  color: #030517;
  cursor: pointer;
}

.c5 {
  font-size: 1.4rem;
  color: #26E55F;
  cursor: pointer;
  font-size: 1.2rem;
}

.c3 {
  display: -webkit-box;
  display: -webkit-flex;
  display: -ms-flexbox;
  display: flex;
  background: #F2F2F2;
  border-radius: 0.2rem;
  padding: 0 1.6rem;
  border: 0.2rem solid;
  border-color: #F2F2F2;
}

.c3:focus-within {
  box-shadow: 0 0 0.5rem #003399;
}

.c4 {
  color: #030517;
  font-family: Poppins,-apple-system,BlinkMacSystemFont,'Segoe UI',Roboto,Oxygen,Ubuntu,Cantarell,'Open Sans','Helvetica Neue',sans-serif;
  font-size: 1.6rem;
  padding: 0.8rem 0;
  padding-left: 1.6rem;
  background: transparent;
  border: 0;
  outline: none;
  width: 100%;
}

.c0 .c2 {
  border-color: #26E55F;
}

<div
  class="c0"
>
  <label
    class="c1"
    for="TextField"
  >
    TextField
  </label>
  <div
    class="c2 c3"
  >
    <input
      class="c4"
      id="TextField"
      type="text"
      value=""
    />
  </div>
  <label
    class="c5"
  >
    Ops..something is wrong
  </label>
</div>
`;
